// Jest Snapshot v1, https://goo.gl/fbAQLP

exports[`Test in <GifItem/> debe hacer match con el snapshot  1`] = `
<div>
  <div
    class="col"
  >
    <div
      class="card"
    >
      <img
        alt="Batman"
        class="card-img-top"
        src="https://tenor.com/search/batman-gifs"
      />
      <div
        class="card-body"
      >
        <h5
          class="card-title"
        >
          Batman
        </h5>
      </div>
    </div>
  </div>
</div>
`;
